4 Monastery Swiftspear
4 Ghitu Lavarunner
4 Soul-Scar Mage
4 Lightning Bolt
4 Play with Fire
4 Wizard's Lightning
4 Lava Spike
4 Rift Bolt
4 Eidolon of the Great Revel
4 Searing Blaze
20 Mountain
SB: 4 Smash to Smithereens
SB: 3 Searing Blood
SB: 4 Roiling Vortex
SB: 4 Tormod's Crypt