<!DOCTYPE html>
<html>
<head>
    <title>Golden Export Tests</title>
    <style>
        body { font-family: -apple-system, sans-serif; margin: 40px; }
        .pass { background: #d4edda; padding: 10px; margin: 5px 0; }
        .fail { background: #f8d7da; padding: 10px; margin: 5px 0; }
        pre { background: #f4f4f4; padding: 10px; overflow-x: auto; }
    </style>
</head>
<body>
    <h1>üèÜ Golden Export Test Results</h1>
    <p>Timestamp: 1755500020.9709778</p>
    
    <div class="pass"><h3>MTGA: ‚úÖ PASS</h3></div><div class="pass"><h3>MOXFIELD: ‚úÖ PASS</h3></div><div class="pass"><h3>ARCHIDEKT: ‚úÖ PASS</h3></div><div class="pass"><h3>TAPPEDOUT: ‚úÖ PASS</h3></div>
    
    <h2>Raw Results</h2>
    <pre>{
  "mtga": {
    "equal": true,
    "diff": null
  },
  "moxfield": {
    "equal": true,
    "diff": null
  },
  "archidekt": {
    "equal": true,
    "diff": null
  },
  "tappedout": {
    "equal": true,
    "diff": null
  }
}</pre>
</body>
</html>